{"flow_token":"test-flow-token-002","scenario_name":"multiple_steps","trace":[{"action_uri":"Cart.addItem","args":{"item_id":"widget","quantity":3},"seq":1,"type":"invocation"},{"output_case":"Success","seq":2,"type":"completion"},{"action_uri":"Cart.addItem","args":{"item_id":"gadget","quantity":1},"seq":3,"type":"invocation"},{"output_case":"Success","seq":4,"type":"completion"},{"action_uri":"Cart.checkout","args":{},"seq":5,"type":"invocation"},{"output_case":"Success","seq":6,"type":"completion"}]}